App.tsx(21,25): error TS2352: Conversion of type '{ meta2: { id: string; title: string; favicon: string; ogImage: string; ogTitle: string; ogDescription: string; keywords: string; theme: { primaryColor: string; secondaryColor: string; fontConfig: { ...; }; customFonts: any[]; }; ... 13 more ...; chatConfig: { ...; }; }; }' to type 'Record<string, LandingConfig>' may be a mistake because neither type sufficiently overlaps with the other. If this was intentional, convert the expression to 'unknown' first.
  Property '"meta2"' is incompatible with index signature.
    Type '{ id: string; title: string; favicon: string; ogImage: string; ogTitle: string; ogDescription: string; keywords: string; theme: { primaryColor: string; secondaryColor: string; fontConfig: { primaryFont: string; source: string; }; customFonts: any[]; }; ... 13 more ...; chatConfig: { ...; }; }' is not comparable to type 'LandingConfig'.
      Types of property 'popupConfig' are incompatible.
        Type '{ usePopup: boolean; items: { id: string; imageUrl: string; openInNewWindow: boolean; startDate: string; endDate: string; }[]; pcStyle: { width: number; top: number; left: number; isCentered: boolean; }; mobileStyle: { ...; }; showDoNotOpenToday: boolean; disableOverlay: boolean; }' is missing the following properties from type 'PopupConfig': slideEffect, autoPlay, autoPlayInterval
pages/Admin/AdminDashboard.tsx(12,29): error TS2352: Conversion of type '{ meta2: { id: string; title: string; favicon: string; ogImage: string; ogTitle: string; ogDescription: string; keywords: string; theme: { primaryColor: string; secondaryColor: string; fontConfig: { ...; }; customFonts: any[]; }; ... 13 more ...; chatConfig: { ...; }; }; }' to type 'Record<string, LandingConfig>' may be a mistake because neither type sufficiently overlaps with the other. If this was intentional, convert the expression to 'unknown' first.
  Property '"meta2"' is incompatible with index signature.
    Type '{ id: string; title: string; favicon: string; ogImage: string; ogTitle: string; ogDescription: string; keywords: string; theme: { primaryColor: string; secondaryColor: string; fontConfig: { primaryFont: string; source: string; }; customFonts: any[]; }; ... 13 more ...; chatConfig: { ...; }; }' is not comparable to type 'LandingConfig'.
      Types of property 'popupConfig' are incompatible.
        Type '{ usePopup: boolean; items: { id: string; imageUrl: string; openInNewWindow: boolean; startDate: string; endDate: string; }[]; pcStyle: { width: number; top: number; left: number; isCentered: boolean; }; mobileStyle: { ...; }; showDoNotOpenToday: boolean; disableOverlay: boolean; }' is missing the following properties from type 'PopupConfig': slideEffect, autoPlay, autoPlayInterval
pages/LandingPage.tsx(20,25): error TS2352: Conversion of type '{ meta2: { id: string; title: string; favicon: string; ogImage: string; ogTitle: string; ogDescription: string; keywords: string; theme: { primaryColor: string; secondaryColor: string; fontConfig: { ...; }; customFonts: any[]; }; ... 13 more ...; chatConfig: { ...; }; }; }' to type 'Record<string, LandingConfig>' may be a mistake because neither type sufficiently overlaps with the other. If this was intentional, convert the expression to 'unknown' first.
  Property '"meta2"' is incompatible with index signature.
    Type '{ id: string; title: string; favicon: string; ogImage: string; ogTitle: string; ogDescription: string; keywords: string; theme: { primaryColor: string; secondaryColor: string; fontConfig: { primaryFont: string; source: string; }; customFonts: any[]; }; ... 13 more ...; chatConfig: { ...; }; }' is not comparable to type 'LandingConfig'.
      Types of property 'popupConfig' are incompatible.
        Type '{ usePopup: boolean; items: { id: string; imageUrl: string; openInNewWindow: boolean; startDate: string; endDate: string; }[]; pcStyle: { width: number; top: number; left: number; isCentered: boolean; }; mobileStyle: { ...; }; showDoNotOpenToday: boolean; disableOverlay: boolean; }' is missing the following properties from type 'PopupConfig': slideEffect, autoPlay, autoPlayInterval
