pages/Admin/LandingEditor.tsx(922,13): error TS17014: JSX fragment has no corresponding closing tag.
pages/Admin/LandingEditor.tsx(4470,15): error TS1003: Identifier expected.
pages/Admin/LandingEditor.tsx(4472,1): error TS1381: Unexpected token. Did you mean `{'}'}` or `&rbrace;`?
pages/Admin/LandingEditor.tsx(4478,1): error TS1005: '</' expected.
